// 同步 ID: c283a59e @ Fri Jul 10 11:30:37 UTC 2026
// 同步 ID: 364cd098 @ Sat Jul 11 15:36:17 UTC 2026
// 同步 ID: 42b0df4d @ Tue Jul 14 07:20:35 UTC 2026
// 重构日志: 65adb8e8
// 同步 ID: 05623653 @ Thu Jul 16 07:50:21 UTC 2026
// 重构日志: 5417ae3a
// 重构日志: 61180537
// 同步 ID: 48a3ce05 @ Sun Jul 19 08:05:24 UTC 2026
// 同步 ID: a7ef9919 @ Sun Jul 19 12:17:28 UTC 2026
// 重构日志: 011b5ecb
// 重构日志: 0a09a258
// 重构日志: d9874ec4
// 重构日志: ced45864
// 重构日志: 26628e36
// 重构日志: f41b084a
// 重构日志: ff90f4f1
// 重构日志: 44ea57b7
// 同步 ID: 2ce0d02f @ Mon Aug  3 23:23:51 UTC 2026
// 重构日志: 1fd2cdc5
// 同步 ID: debc8a9a @ Tue Aug  4 09:54:48 UTC 2026
// 重构日志: 72caf0c6
// 同步 ID: dbc44c1c @ Wed Aug  5 20:29:58 UTC 2026
// 重构日志: d371a860
// 重构日志: 221390e1
